16:27:39 **** Auto Build of configuration Debug for project SingleRead ****
make all 
'Building file: ../src/main.c'
'Invoking: ARM gcc compiler'
arm-xilinx-eabi-gcc -Wall -O0 -g3 -c -fmessage-length=0 -MT"src/main.o" -I../../SingleRead_bsp/ps7_cortexa9_0/include -MMD -MP -MF"src/main.d" -MT"src/main.d" -o "src/main.o" "../src/main.c"
'Finished building: ../src/main.c'
' '
'Building target: SingleRead.elf'
'Invoking: ARM gcc linker'
arm-xilinx-eabi-gcc -Wl,-T -Wl,../src/lscript.ld -L../../SingleRead_bsp/ps7_cortexa9_0/lib -o "SingleRead.elf"  ./src/main.o   -Wl,--start-group,-lxil,-lgcc,-lc,--end-group
'Finished building target: SingleRead.elf'
' '
'Invoking: ARM Print Size'
arm-xilinx-eabi-size SingleRead.elf  |tee "SingleRead.elf.size"
   text	   data	    bss	    dec	    hex	filename
  35396	 531400	  24260	 591056	  904d0	SingleRead.elf
'Finished building: SingleRead.elf.size'
' '

16:27:43 Build Finished (took 3s.338ms)

